// Jest Snapshot v1, https://goo.gl/fbAQLP

exports[`renders correctly 1`] = `
<div
  className="sc-ifAKCX cPMSlA"
>
  <div
    className="sc-bwzfXH iKrrve"
  >
    <img
      alt="Just Giving"
      src="https://www.jg-cdn.com/chrome/3e7a4dc9d866fda15331414a9072da97.svg"
    />
    <div
      className="sc-htpNat lhzRTC"
    >
      <button
        className="sc-bxivhb iHLsul"
      >
        About Us
      </button>
    </div>
  </div>
  <h1>
    Recent Oxfam Donors
  </h1>
  <div
    className="sc-EHOje fpqoIO"
  />
</div>
`;
