// Jest Snapshot v1, https://goo.gl/fbAQLP

exports[`matches snapshot 1`] = `
<div
  className="sc-bdVaJa giOLUk"
>
  <img
    alt="Just Giving"
    src="https://www.jg-cdn.com/chrome/3e7a4dc9d866fda15331414a9072da97.svg"
  />
  <div
    className="sc-bwzfXH dRBnFW"
  >
    <button
      className="sc-htpNat eJPqvy"
    >
      About Us
    </button>
  </div>
</div>
`;
